Wrap it all Up

Close
Minimize
Maximize
TryGit—1229x310

Press enter to submit commands
 
> git init
 

Initialized empty Git repository in /.git/

Success!

$ git status
 

# On branch master
#
# Initial commit
#
nothing to commit (create/copy files and use "git add" to track)

Success!

$ git status
 

# On branch master
#
# Initial commit
#
# Untracked files:
#   (use "git add <file>..." to include in what will be committed)
#
#	octocat.txt
nothing added to commit but untracked files present (use "git add" to track)

Success!

$ git add
 

Nothing specified, nothing added.
Maybe you wanted to say 'git add .'?

Did not add octocat.txt

$ git add octocat.txt
 



Nice job, you've added octocat.txt to the Staging Area

$ git status
 

# On branch master
#
# Initial commit
#
# Changes to be committed:
#   (use "git rm --cached <file>..." to unstage)
#
#	new file:   octocat.txt
#

Success!

$ git commit -m "Add cute octocat story"
 

[master (root-commit) 20b5ccd] Add cute octocat story
 1 file changed, 1 insertion(+)
 create mode 100644 octocat.txt

Success!

$ git add '*.txt'
 



Success!

$ git commit -m 'Add all the octocat txt files'
 

[master 3852b4d] Add all the octocat txt files
 4 files changed, 4 insertions(+)
 create mode 100644 blue_octocat.txt
 create mode 100644 octofamily/baby_octocat.txt
 create mode 100644 octofamily/momma_octocat.txt
 create mode 100644 red_octocat.txt

Success!

$ git status
 

# On branch master
nothing to commit (working directory clean)

Did not use git log

$ git log